// Jest Snapshot v1, https://goo.gl/fbAQLP

exports[`should render a list of users from api 1`] = `
<ul>
  <li>
    john
  </li>
</ul>
`;
